// Jest Snapshot v1, https://goo.gl/fbAQLP

exports[`<Microsite /> Render must match renderDesignSystemCore() 1`] = `
<div
  className={null}
>
  <h2>
    ðŸ“— Papillon Ads Implementation
  </h2>
  <h3>
    ðŸ“–. Design System Core
  </h3>
  <h4>
    ðŸ“ƒ. Setup file(s)
  </h4>
  <div>
    ï¹˜ Coming soon.
  </div>
  <h4>
    ðŸ“ƒ. Knowledge base
  </h4>
  <div>
    ï¹˜ Coming soon.
  </div>
</div>
`;

exports[`<Microsite /> Render must match renderOpenSourceDependencyProjects() 1`] = `
<div
  className={null}
>
  <h2>
    ðŸ“— Open Source Dependency Projects
  </h2>
  Coming soon...
</div>
`;

exports[`<Microsite /> Render must match renderProductMicrosites() 1`] = `
<div
  className={null}
>
  <h2>
    ðŸ“— Papillon Ads Implementation
  </h2>
  <h3>
    ðŸ“–. Product Microsites
  </h3>
  <h4>
    ðŸ“ƒ. Setup file(s)
  </h4>
  <div>
    ï¹˜ Coming soon.
  </div>
  <h4>
    ðŸ“ƒ. Knowledge base
  </h4>
  <div>
    ï¹˜ Coming soon.
  </div>
</div>
`;

exports[`<Microsite /> Render must match renderSpecificationsStandardsGuidelines() 1`] = `
<div
  className={null}
>
  <h2>
    ðŸ“— Specifications/Standards/Guidelines
  </h2>
  Coming soon...
</div>
`;
