// Jest Snapshot v1, https://goo.gl/fbAQLP

exports[`<Radio /> Render must match renderDefault() 1`] = `
Array [
  <div
    className="m-0 form-checkbox"
  >
    <label
      htmlFor="checkbox"
    >
      <input
        checked={false}
        name="fantastic-name"
        onChange={[Function]}
        type="radio"
      />
      White
    </label>
  </div>,
  <div
    className="m-0 form-checkbox"
  >
    <label
      htmlFor="checkbox"
    >
      <input
        checked={true}
        name="fantastic-name"
        onChange={[Function]}
        type="radio"
      />
      Black
    </label>
  </div>,
]
`;
