// Jest Snapshot v1, https://goo.gl/fbAQLP

exports[`<Testing /> Render must match renderDesignSystemCore() 1`] = `
<div
  className={null}
>
  <h2>
    ðŸ“— Papillon Ads Implementation
  </h2>
</div>
`;

exports[`<Testing /> Render must match renderOpenSourceDependencyProjects() 1`] = `
<div
  className={null}
>
  <h2>
    ðŸ“— Open Source Dependency Projects
  </h2>
</div>
`;

exports[`<Testing /> Render must match renderProductMicrosites() 1`] = `
<div
  className={null}
>
  <h2>
    ðŸ“— Papillon Ads Implementation
  </h2>
</div>
`;

exports[`<Testing /> Render must match renderSpecificationsStandardsGuidelines() 1`] = `
<div
  className={null}
>
  <h2>
    ðŸ“— Specifications/Standards/Guidelines
  </h2>
</div>
`;
