// Jest Snapshot v1, https://goo.gl/fbAQLP

exports[`<PreviousNext /> Render must match renderDefault() 1`] = `
<nav
  aria-label="Pagination"
  className="paginate-container"
>
  <div
    className="pagination d-flex"
  >
    <a
      aria-label="Previous"
      href="#url"
      onClick={[Function]}
      rel="previous"
    >
      &lt;
    </a>
    <span>
      Viewing 3 to 7
    </span>
    <a
      aria-label="Next"
      href="#url"
      onClick={[Function]}
      rel="next"
    >
      &gt;
    </a>
  </div>
</nav>
`;
